// Jest Snapshot v1, https://goo.gl/fbAQLP

exports[`Activity store add item should have the right info in store 1`] = `
Object {
  "items": Array [
    Object {
      "create_date": "2019-01-29T14:37:31.800032+01:00",
      "edit_date": "2019-01-29T14:38:22.160861+01:00",
      "end_date": "2019-01-19T12:00:00+01:00",
      "id": 1083,
      "name": "0.0.93",
      "programId": 5,
      "start_date": "2019-01-02T12:00:00+01:00",
      "url": "https://dev-api.toladata.io/api/workflowlevel2/1083/",
      "workflowlevel1": "https://dev-api.toladata.io/api/workflowlevel1/5/",
    },
  ],
}
`;

exports[`Activity store fetchData should have the right info in store 1`] = `
Object {
  "items": Array [
    Object {
      "create_date": "2019-01-29T14:37:31.800032+01:00",
      "edit_date": "2019-01-29T14:38:22.160861+01:00",
      "end_date": "2019-01-19T12:00:00+01:00",
      "id": 578,
      "name": "0.0.93",
      "programId": 471,
      "start_date": "2019-01-02T12:00:00+01:00",
      "url": "https://dev-api.toladata.io/api/workflowlevel1/578/",
      "workflowlevel1": "https://dev-api.toladata.io/api/workflowlevel1/471/",
    },
    Object {
      "create_date": "2019-02-04T20:36:21.987120+01:00",
      "edit_date": "2019-02-04T20:36:21.987133+01:00",
      "end_date": null,
      "id": 630,
      "name": "any_name",
      "programId": 23,
      "start_date": null,
      "url": "https://dev-api.toladata.io/api/workflowlevel1/630/",
      "workflowlevel1": "https://dev-api.toladata.io/api/workflowlevel1/23/",
    },
  ],
}
`;

exports[`Activity store fetchData should have the right info in store 2`] = `
Object {
  "items": Array [
    Object {
      "create_date": "2019-01-29T14:37:31.800032+01:00",
      "edit_date": "2019-01-29T14:38:22.160861+01:00",
      "end_date": "2019-01-19T12:00:00+01:00",
      "id": 578,
      "name": "0.0.93",
      "programId": 471,
      "start_date": "2019-01-02T12:00:00+01:00",
      "url": "https://dev-api.toladata.io/api/workflowlevel1/578/",
      "workflowlevel1": "https://dev-api.toladata.io/api/workflowlevel1/471/",
    },
    Object {
      "create_date": "2019-02-04T20:36:21.987120+01:00",
      "edit_date": "2019-02-04T20:36:21.987133+01:00",
      "end_date": null,
      "id": 630,
      "name": "any_name",
      "programId": 23,
      "start_date": null,
      "url": "https://dev-api.toladata.io/api/workflowlevel1/630/",
      "workflowlevel1": "https://dev-api.toladata.io/api/workflowlevel1/23/",
    },
  ],
}
`;
